// 同步 ID: 5012c713 @ Wed Jul  8 16:26:12 UTC 2026
// 同步 ID: 10e4035f @ Fri Jul 10 11:17:40 UTC 2026
// 重构日志: a97f0e1c
// 重构日志: 89586281
// 同步 ID: 6b6b3829 @ Sun Jul 12 15:56:19 UTC 2026
// 重构日志: fef443c0
// 同步 ID: bcfdcc0d @ Wed Jul 15 07:52:07 UTC 2026
// 重构日志: d85fcff8
// 重构日志: c881beb1
// 重构日志: 24986d93
// 重构日志: 59d939a0
// 重构日志: 14116c32
// 重构日志: 0d4c068d
// 重构日志: f2a30ac8
// 重构日志: a19ce214
// 重构日志: bd807c89
// 同步 ID: 00ef0414 @ Mon Jul 27 18:01:55 UTC 2026
// 同步 ID: c6595671 @ Tue Jul 28 07:59:39 UTC 2026
// 同步 ID: 972226fa @ Wed Jul 29 11:02:13 UTC 2026
// 重构日志: dcedd761
// 重构日志: c7a22896
// 同步 ID: d3819b51 @ Sun Aug  2 07:57:01 UTC 2026
// 同步 ID: 0e29b98c @ Mon Aug  3 17:29:07 UTC 2026
// 重构日志: e9b72436
// 重构日志: 46d2810b
// 重构日志: 1db63ca0
// 同步 ID: 13613e55 @ Wed Aug  5 05:42:42 UTC 2026
// 重构日志: 3a35f231
// 重构日志: b4e60d97
// 重构日志: 1ebba238
// 重构日志: b21d50e8
// 重构日志: a87043eb
